
> front-app@0.0.0 build
> ng build

[33mÔØ»[39m Building...
[32mÔ£ö[39m Building...
[35mBrowser bundles[39m     
[1mInitial chunk files[22m [2m | [22m[1mNames[22m               [2m | [22m [1mRaw size[22m[2m | [22m[1mEstimated transfer size[22m
[32mchunk-SP6RZ2UX.js[39m   [2m | [22m[2m-[22m                   [2m | [22m[36m223.89 kB[39m[2m | [22m               [36m63.79 kB[39m
[32mchunk-EQAIBAKL.js[39m   [2m | [22m[2m-[22m                   [2m | [22m [36m81.85 kB[39m[2m | [22m               [36m20.37 kB[39m
[32mmain-KKEDRJZL.js[39m    [2m | [22m[2mmain[22m                [2m | [22m [36m68.40 kB[39m[2m | [22m               [36m18.13 kB[39m
[32mstyles-DTTV3AOM.css[39m [2m | [22m[2mstyles[22m              [2m | [22m  [36m8.10 kB[39m[2m | [22m                [36m1.32 kB[39m

[1m [22m                   [2m | [22m[1mInitial total[22m       [2m | [22m[1m382.24 kB[22m[2m | [22m              [1m103.62 kB[22m

[1mLazy chunk files[22m    [2m | [22m[1mNames[22m               [2m | [22m [1mRaw size[22m[2m | [22m[1mEstimated transfer size[22m
[32mchunk-Q6YALQLT.js[39m   [2m | [22m[2m-[22m                   [2m | [22m  [36m2.42 MB[39m[2m | [22m              [36m755.87 kB[39m
[32mchunk-SWCEMSOH.js[39m   [2m | [22m[2mdashboard-admin[22m     [2m | [22m[36m211.66 kB[39m[2m | [22m               [36m63.58 kB[39m
[32mchunk-QBMAKCHE.js[39m   [2m | [22m[2m-[22m                   [2m | [22m[36m130.14 kB[39m[2m | [22m               [36m25.14 kB[39m
[32mchunk-6VMZ5A6T.js[39m   [2m | [22m[2m-[22m                   [2m | [22m [36m78.51 kB[39m[2m | [22m               [36m18.41 kB[39m
[32mchunk-LHF2FPJZ.js[39m   [2m | [22m[2m-[22m                   [2m | [22m [36m61.83 kB[39m[2m | [22m                [36m7.77 kB[39m
[32mchunk-IBNTHJNG.js[39m   [2m | [22m[2m-[22m                   [2m | [22m [36m58.11 kB[39m[2m | [22m                [36m9.69 kB[39m
[32mchunk-2RXBSXM4.js[39m   [2m | [22m[2mcursos[22m              [2m | [22m [36m55.63 kB[39m[2m | [22m               [36m13.75 kB[39m
[32mchunk-GDTJOGXC.js[39m   [2m | [22m[2m-[22m                   [2m | [22m [36m51.87 kB[39m[2m | [22m               [36m11.90 kB[39m
[32mchunk-OJ3SIUPZ.js[39m   [2m | [22m[2m-[22m                   [2m | [22m [36m39.98 kB[39m[2m | [22m                [36m8.61 kB[39m
[32mchunk-VWHKGZFF.js[39m   [2m | [22m[2mmain-layout[22m         [2m | [22m [36m35.69 kB[39m[2m | [22m                [36m7.21 kB[39m
[32mchunk-ODHUVMY7.js[39m   [2m | [22m[2m-[22m                   [2m | [22m [36m34.81 kB[39m[2m | [22m                [36m8.62 kB[39m
[32mchunk-HGZS7WLG.js[39m   [2m | [22m[2m-[22m                   [2m | [22m [36m29.01 kB[39m[2m | [22m                [36m6.85 kB[39m
[32mchunk-RY7E3PZG.js[39m   [2m | [22m[2m-[22m                   [2m | [22m [36m27.26 kB[39m[2m | [22m                [36m4.41 kB[39m
[32mchunk-EXMZHFIR.js[39m   [2m | [22m[2mmaterias[22m            [2m | [22m [36m25.86 kB[39m[2m | [22m                [36m6.96 kB[39m
[32mchunk-GFJVJMOQ.js[39m   [2m | [22m[2mprofesor-notas-curso[22m[2m | [22m [36m24.10 kB[39m[2m | [22m                [36m6.18 kB[39m
[2m...and 35 more lazy chunks files. Use "--verbose" to show all the files.[22m


[35mServer bundles[39m      
[1mInitial chunk files[22m [2m | [22m[1mNames[22m               [2m | [22m [1mRaw size[22m
[32mserver.mjs[39m          [2m | [22m[2mserver[22m              [2m | [22m  [36m1.30 MB[39m[2m | [22m                       
[32mmain.server.mjs[39m     [2m | [22m[2mmain.server[22m         [2m | [22m[36m512.52 kB[39m[2m | [22m                       
[32mchunk-GIGWYCAP.mjs[39m  [2m | [22m[2m-[22m                   [2m | [22m[36m243.55 kB[39m[2m | [22m                       
[32mpolyfills.server.mjs[39m[2m | [22m[2mpolyfills.server[22m    [2m | [22m[36m233.48 kB[39m[2m | [22m                       
[32mchunk-L3MRBMLM.mjs[39m  [2m | [22m[2m-[22m                   [2m | [22m [36m81.92 kB[39m[2m | [22m                       
[32mchunk-N7QBYMCK.mjs[39m  [2m | [22m[2m-[22m                   [2m | [22m  [36m1.36 kB[39m[2m | [22m                       
[32mchunk-L2MVFUKD.mjs[39m  [2m | [22m[2m-[22m                   [2m | [22m  [36m1.32 kB[39m[2m | [22m                       

[1mLazy chunk files[22m    [2m | [22m[1mNames[22m               [2m | [22m [1mRaw size[22m
[32mchunk-XRTZE445.mjs[39m  [2m | [22m[2m-[22m                   [2m | [22m  [36m2.42 MB[39m[2m | [22m                       
[32mchunk-LRKDC5G3.mjs[39m  [2m | [22m[2mdashboard-admin[22m     [2m | [22m[36m211.74 kB[39m[2m | [22m                       
[32mchunk-K6BIWV55.mjs[39m  [2m | [22m[2m-[22m                   [2m | [22m[36m130.21 kB[39m[2m | [22m                       
[32mchunk-JLY27ZYM.mjs[39m  [2m | [22m[2m-[22m                   [2m | [22m [36m78.15 kB[39m[2m | [22m                       
[32mchunk-GOTFITVM.mjs[39m  [2m | [22m[2m-[22m                   [2m | [22m [36m61.86 kB[39m[2m | [22m                       
[32mchunk-BCCLDZQI.mjs[39m  [2m | [22m[2m-[22m                   [2m | [22m [36m58.14 kB[39m[2m | [22m                       
[32mchunk-QXTQT4C4.mjs[39m  [2m | [22m[2mcursos[22m              [2m | [22m [36m55.72 kB[39m[2m | [22m                       
[32mchunk-CHKJBZKK.mjs[39m  [2m | [22m[2m-[22m                   [2m | [22m [36m51.93 kB[39m[2m | [22m                       
[32mchunk-MI77AXN7.mjs[39m  [2m | [22m[2m-[22m                   [2m | [22m [36m40.01 kB[39m[2m | [22m                       
[32mchunk-LL3G5R75.mjs[39m  [2m | [22m[2mmain-layout[22m         [2m | [22m [36m35.76 kB[39m[2m | [22m                       
[32mchunk-5OXKZOP2.mjs[39m  [2m | [22m[2m-[22m                   [2m | [22m [36m34.85 kB[39m[2m | [22m                       
[32mchunk-HACSQYGU.mjs[39m  [2m | [22m[2m-[22m                   [2m | [22m [36m29.08 kB[39m[2m | [22m                       
[32mchunk-45TTPGCT.mjs[39m  [2m | [22m[2m-[22m                   [2m | [22m [36m27.30 kB[39m[2m | [22m                       
[32mchunk-DON6RK7D.mjs[39m  [2m | [22m[2mmaterias[22m            [2m | [22m [36m25.94 kB[39m[2m | [22m                       
[32mchunk-CNTXTXJM.mjs[39m  [2m | [22m[2mprofesor-notas-curso[22m[2m | [22m [36m24.19 kB[39m[2m | [22m                       
[2m...and 37 more lazy chunks files. Use "--verbose" to show all the files.[22m

[35mPrerendered 19 static routes.[39m
Application bundle generation failed. [35.322 seconds] - 2025-11-20T19:05:02.132Z

node.exe : 
[1m[33m[33mÔû▓ [4
3;33m[[43;30mWARNING
[43;33m][0m [1mang
ular:styles/component
:scss;1ba5fc32a09e918
1dcc7b0bf9ed475a06c0d
7fc073f56df2a804a1966
7376b90;C:/Users/Paul
/Desktop/Aplicacion U
EFBCS/Frontend/src/ap
p/components/anio-lec
tivo-admin/anio-lecti
vo-admin.ts exceeded 
maximum budget. 
Budget 4.00 kB was 
not met by 114 bytes 
with a total of 4.11 
kB.[0m
En C:\Program Files\n
odejs\npm.ps1: 29 
Carácter: 3
+   & $NODE_EXE 
$NPM_CLI_JS $args
+   ~~~~~~~~~~~~~~~~~
~~~~~~~~~~~~
    + CategoryInfo   
           : NotSpe  
  cified: ([1m[3   
 3m[33mÔ...of 4.    
11 kB.[0m:Strin    
g) [], RemoteExc    
eption
    + FullyQualified 
   ErrorId : Native  
  CommandError
 


[33mÔû▓ [43;33m[[4
3;30mWARNING[43;33m]
[0m [1mModule 'pdfm
ake/build/pdfmake' 
used by 'src/app/comp
onents/profesor-repor
te-trimestral-pdf/pro
fesor-reporte-trimest
ral-pdf.ts' is not 
ESM[0m

  CommonJS or AMD 
dependencies can 
cause optimization 
bailouts.
  For more 
information see: [4m
https://angular.dev/t
ools/cli/build#config
uring-commonjs-depend
encies[0m


[33mÔû▓ [43;33m[[4
3;30mWARNING[43;33m]
[0m [1mModule 'pdfm
ake/build/vfs_fonts' 
used by 'src/app/comp
onents/profesor-repor
te-trimestral-pdf/pro
fesor-reporte-trimest
ral-pdf.ts' is not 
ESM[0m

  CommonJS or AMD 
dependencies can 
cause optimization 
bailouts.
  For more 
information see: [4m
https://angular.dev/t
ools/cli/build#config
uring-commonjs-depend
encies[0m

[39m[22m
[1m[31m[31mX [41;
31m[[41;97mERROR[41
;31m][0m [1mThe 're
stablecer-contrasena/
:token' route uses 
prerendering and 
includes parameters, 
but 
'getPrerenderParams' 
is missing. Please 
define 
'getPrerenderParams' 
function for this 
route in your server 
routing 
configuration or 
specify a different 
'renderMode'.[0m

[39m[22m
